/opt/hostedtoolcache/Python/3.10.20/x64/lib/python3.10/site-packages/google/api_core/_python_version_support.py:254: FutureWarning: You are using a Python version (3.10.20) which Google will stop supporting in new releases of google.api_core once it reaches its end of life (2026-10-04). Please upgrade to the latest Python version, or at least Python 3.11, to continue receiving updates for google.api_core past that date.
  warnings.warn(message, FutureWarning)
[2026-08-08 18:04:21] [AutoClipper] =======================================================
[2026-08-08 18:04:21] [AutoClipper]  Starting Auto-Clipper Shorts Pipeline
[2026-08-08 18:04:21] [AutoClipper] =======================================================
[2026-08-08 18:04:21] [AutoClipper] Selected Podcast Channel: Impact Theory (Tom Bilyeu) (Mindset & High Performance)
[2026-08-08 18:04:21] [AutoClipper] Searching candidate episodes: ytsearch8:Impact Theory Tom Bilyeu full episode podcast
[2026-08-08 18:04:21] [AutoClipper] 🍪 Cookies loaded: 55 entries, 8081 bytes -> /tmp/tmpyfcll7vk_yt_cookies.txt
[2026-08-08 18:04:25] [AutoClipper] Found 8 candidate videos via search.
[2026-08-08 18:04:25] [AutoClipper] Selected Video: If You Feel Fear or Anxiety, Listen to This | Trent Shelton on Impact Theory [BI1P14gjqKI]
[2026-08-08 18:04:25] [AutoClipper] 🎙️ Querying podcast RSS feed for direct audio: https://feeds.megaphone.fm/impacttheory
[2026-08-08 18:04:26] [AutoClipper] ⚠️ RSS audio download notice: HTTP Error 404: Not Found
[2026-08-08 18:04:26] [AutoClipper] Checking for instant YouTube captions for https://www.youtube.com/watch?v=BI1P14gjqKI...
[2026-08-08 18:04:31] [AutoClipper] YouTube caption extraction notice: Command '['yt-dlp', '--write-auto-subs', '--write-subs', '--sub-lang', 'en.*,en', '--sub-format', 'json3/vtt/srt', '--skip-download', '--no-playlist', '--no-warnings', '--extractor-args', 'youtube:player_client=mweb,web,default', '--cookies', '/tmp/tmpyfcll7vk_yt_cookies.txt', '-o', '/home/runner/work/auto-clipper-shorts/auto-clipper-shorts/output/subs_temp.%(ext)s', 'https://www.youtube.com/watch?v=BI1P14gjqKI']' returned non-zero exit status 1.
[2026-08-08 18:04:31] [AutoClipper] Falling back to Whisper AI audio transcription via yt-dlp...
[2026-08-08 18:04:31] [AutoClipper] Downloading audio track for transcription: https://www.youtube.com/watch?v=BI1P14gjqKI
Deprecated Feature: Support for Python version 3.10 has been deprecated. Please update to Python 3.11 or above
[youtube] Extracting URL: https://www.youtube.com/watch?v=BI1P14gjqKI
[youtube] BI1P14gjqKI: Downloading webpage
[youtube] BI1P14gjqKI: Downloading mweb client config
[youtube] BI1P14gjqKI: Downloading mweb player API JSON
[youtube] BI1P14gjqKI: Downloading web client config
[youtube] BI1P14gjqKI: Downloading web player API JSON
[youtube] BI1P14gjqKI: Downloading tv downgraded player API JSON
[youtube] [pot:bgutil:http] Generating a gvs PO Token for mweb client via bgutil HTTP server
ERROR: [youtube] BI1P14gjqKI: Requested format is not available. Use --list-formats for a list of available formats
Traceback (most recent call last):
  File "/home/runner/work/auto-clipper-shorts/auto-clipper-shorts/main.py", line 1179, in <module>
    run_pipeline(force_url=args.url, force_channel=args.channel, dry_run=args.dry_run)
  File "/home/runner/work/auto-clipper-shorts/auto-clipper-shorts/main.py", line 1111, in run_pipeline
    transcript_segments = fetch_youtube_subtitles_or_whisper(target_video["url"], OUTPUT_DIR, podcast_entry=podcast_entry)
  File "/home/runner/work/auto-clipper-shorts/auto-clipper-shorts/main.py", line 558, in fetch_youtube_subtitles_or_whisper
    download_audio_for_transcription(video_url, audio_path)
  File "/home/runner/work/auto-clipper-shorts/auto-clipper-shorts/main.py", line 581, in download_audio_for_transcription
    subprocess.run(cmd, check=True)
  File "/opt/hostedtoolcache/Python/3.10.20/x64/lib/python3.10/subprocess.py", line 526, in run
    raise CalledProcessError(retcode, process.args,
subprocess.CalledProcessError: Command '['yt-dlp', '-f', 'ba/b', '-x', '--audio-format', 'm4a', '--audio-quality', '7', '--no-playlist', '--no-warnings', '--extractor-args', 'youtube:player_client=mweb,web,default', '--cookies', '/tmp/tmpyfcll7vk_yt_cookies.txt', '-o', '/home/runner/work/auto-clipper-shorts/auto-clipper-shorts/output/whisper_audio.m4a', 'https://www.youtube.com/watch?v=BI1P14gjqKI']' returned non-zero exit status 1.
